SYSTEM INFORMATION:
64 bit
OpenMS 2.0.0 Release
Ubuntu 14.04
Docker 1.13.1
Dockerfile: https://github.com/dmccloskey/docker_openms/Dockerfile
Error: https://github.com/dmccloskey/docker_openms/pyOpenMS/pyopenms_error


ERROR REPORT FROM BUILD:
...
INFO:root:create wrapper for free function removeOutliersRANSAC
INFO:root:create wrapper for free function writable
Autwrap has wrapped 452 classes, 4585 methods and 69 enums
created pyopenms.cpp


platform  linux not supported yet


[100%] Built target pyopenms_create_cpp
Extracting in /tmp/tmp6dhb5r2o
Traceback (most recent call last):
  File "/home/user/openms-build/pyOpenMS/distribute_setup.py", line 150, in use_setuptools
    raise ImportError
ImportError

During handling of the above exception, another exception occurred:

Traceback (most recent call last):
  File "setup.py", line 5, in <module>
    distribute_setup.use_setuptools()
  File "/home/user/openms-build/pyOpenMS/distribute_setup.py", line 152, in use_setuptools
    return _do_download(version, download_base, to_dir, download_delay)
  File "/home/user/openms-build/pyOpenMS/distribute_setup.py", line 132, in _do_download
    _build_egg(egg, tarball, to_dir)
  File "/home/user/openms-build/pyOpenMS/distribute_setup.py", line 105, in _build_egg
    _extractall(tar)
  File "/home/user/openms-build/pyOpenMS/distribute_setup.py", line 500, in _extractall
    self.chown(tarinfo, dirpath)
TypeError: chown() missing 1 required positional argument: 'numeric_owner'
make[3]: *** [src/pyOpenMS/CMakeFiles/pyopenms] Error 1
make[2]: *** [src/pyOpenMS/CMakeFiles/pyopenms.dir/all] Error 2
make[1]: *** [src/pyOpenMS/CMakeFiles/pyopenms.dir/rule] Error 2
make: *** [pyopenms] Error 2
